// Jest Snapshot v1, https://goo.gl/fbAQLP

exports[`UniForm should match the snapshot 1`] = `ShallowWrapper {}`;
