// Jest Snapshot v1, https://goo.gl/fbAQLP

exports[`FeaturedPalettes should match the snapshot 1`] = `ShallowWrapper {}`;
