// Jest Snapshot v1, https://goo.gl/fbAQLP

exports[`Rainbow should match the snapshot 1`] = `ShallowWrapper {}`;
